============================= test session starts =============================
platform win32 -- Python 3.13.0, pytest-9.0.2, pluggy-1.6.0
rootdir: C:\Users\Hasan-PC\Desktop\multi-downloader
plugins: anyio-4.12.1
collected 0 items / 1 error

=================================== ERRORS ====================================
_______________ ERROR collecting backend/tests/test_analyzer.py _______________
ImportError while importing test module 'C:\Users\Hasan-PC\Desktop\multi-downloader\backend\tests\test_analyzer.py'.
Hint: make sure your test modules/packages have valid Python names.
Traceback:
..\..\AppData\Local\Programs\Python\Python313\Lib\importlib\__init__.py:88: in import_module
    return _bootstrap._gcd_import(name[level:], package, level)
           ^^^^^^^^^^^^^^^^^^^^^^^^^^^^^^^^^^^^^^^^^^^^^^^^^^^^
backend\tests\test_analyzer.py:2: in <module>
    from backend.services.video_analyzer import (
E   ModuleNotFoundError: No module named 'backend'
=========================== short test summary info ===========================
ERROR backend/tests/test_analyzer.py
!!!!!!!!!!!!!!!!!!! Interrupted: 1 error during collection !!!!!!!!!!!!!!!!!!!!
============================== 1 error in 0.21s ===============================
